[INFO] [1778259282.498056586] [asr.thyra.autopilot]: Using system time source
[INFO] [1778259282.498414648] [asr.thyra.autopilot]: Using px4 position source
[INFO] [1778259282.498595021] [asr.thyra.autopilot]: pitch PID gains: Kp=0.15, Ki=0.01, Kd=0.00
[INFO] [1778259282.498753267] [asr.thyra.autopilot]: roll PID gains: Kp=0.15, Ki=0.01, Kd=0.00
[INFO] [1778259282.498848592] [asr.thyra.autopilot]: yaw PID gains: Kp=0.15, Ki=0.00, Kd=0.05
[INFO] [1778259282.498966267] [asr.thyra.autopilot]: thrust PID gains: Kp=0.50, Ki=0.10, Kd=0.01
[INFO] [1778259282.499145844] [asr.thyra.autopilot]: Position X PID gains: Kp=1.00, Ki=0.00, Kd=0.01
[INFO] [1778259282.499323292] [asr.thyra.autopilot]: Position Y PID gains: Kp=1.00, Ki=0.00, Kd=0.01
[INFO] [1778259282.499439059] [asr.thyra.autopilot]: Position Z PID gains: Kp=1.00, Ki=0.00, Kd=0.01
[INFO] [1778259282.499528755] [asr.thyra.autopilot]: Controller EMA filter alpha: 0.15
[INFO] [1778259282.499792103] [asr.thyra.autopilot]: Motion constraints (path planner & controller):
  min_linear_velocity     = 0.10 m/s
  min_angular_velocity    = 0.10 rad/s
  max_linear_velocity     = 1.50 m/s
  max_angular_velocity    = 1.50 rad/s
  max_tilt_angle          = 20.0 degrees (0.349 rad)
  default_linear_velocity = 0.40 m/s
  default_angular_velocity= 0.50 rad/s
[INFO] [1778259282.499842358] [asr.thyra.autopilot]: Controller velocity saturation:
  max_horizontal_velocity = 1.50 m/s
  max_vertical_velocity   = 1.50 m/s
[INFO] [1778259282.501117804] [asr.thyra.autopilot]: Safety parameters:
  gcs_timeout            = 1.00 s
  position_timeout       = 0.20 s
  safety_thrust_initial  = -0.72
  safety_thrust_final    = -0.65
  safety_thrustdown_rate = 0.4000
  check_battery          = true
  battery_threshold      = 0.05
  check_geofence         = false
  geofence_radius        = 20.00 m
  geofence_height        = 10.00 m
  do_mode_change_delay   = false
  mode_change_delay      = 5.00 s
[INFO] [1778259282.501583708] [asr.thyra.autopilot]: Lidar offset: 0.00
[INFO] [1778259282.501632056] [asr.thyra.autopilot]: Takeoff height: -1.50
[INFO] [1778259282.501651351] [asr.thyra.autopilot]: Motor speed min: 1000.00
[INFO] [1778259282.501667145] [asr.thyra.autopilot]: Motor speed max: 1900.00
[INFO] [1778259282.501815614] [asr.thyra.autopilot]: Hover thrust estimate: -0.700
[INFO] [1778259282.501855037] [asr.thyra.autopilot]: Hover thrust learning rate: 0.000100
[INFO] [1778259286.621085250] [asr.thyra.autopilot]: Received goal request with command_type: arm
[INFO] [1778259286.621784189] [asr.thyra.autopilot]: Sending arm command...
[INFO] [1778259286.622104328] [asr.thyra.autopilot]: Goal execution completed.
[INFO] [1778259286.703437279] [asr.thyra.autopilot]: Received goal request with command_type: manual_aided
[INFO] [1778259286.704080668] [asr.thyra.autopilot]: Control mode updated to: 1
[INFO] [1778259286.705675123] [asr.thyra.autopilot]: Control loop started with mode: 1
[INFO] [1778259286.706519475] [asr.thyra.autopilot]: Goal execution completed.
[INFO] [1778259293.760869561] [asr.thyra.autopilot]: Received goal request with command_type: land
[INFO] [1778259293.762832315] [asr.thyra.autopilot]: Control mode updated to: 2
[INFO] [1778259293.762915271] [asr.thyra.autopilot]: Position based land mode activated.
[INFO] [1778259293.771481780] [asr.thyra.autopilot]: Goal execution completed.
[INFO] [1778259296.985692967] [asr.thyra.autopilot]: Drone has landed, disarming...
[INFO] [1778259296.985917448] [asr.thyra.autopilot]: Sending disarm command (kill=1)...
[INFO] [1778259296.986004384] [asr.thyra.autopilot]: Control loop stopped.
[INFO] [1778259919.478880377] [rclcpp]: signal_handler(SIGINT/SIGTERM)
